 gcc -g p5final.c;./a.out
Enter a number: 6
The Square root of 6.00 is: 2.00
 gdb a.out
GNU gdb (Ubuntu 8.1.1-0ubuntu1) 8.1.1
Copyright (C) 2018 Free Software Foundation, Inc.
License GPLv3+: GNU GPL version 3 or later <http://gnu.org/licenses/gpl.html>
This is free software: you are free to change and redistribute it.
There is NO WARRANTY, to the extent permitted by law.  Type "show copying"
and "show warranty" for details.
This GDB was configured as "x86_64-linux-gnu".
Type "show configuration" for configuration details.
For bug reporting instructions, please see:
<http://www.gnu.org/software/gdb/bugs/>.
Find the GDB manual and other documentation resources online at:
<http://www.gnu.org/software/gdb/documentation/>.
For help, type "help".
Type "apropos word" to search for commands related to "word"...
Reading symbols from a.out...done.
(gdb) b main
Breakpoint 1 at 0x84c: file p5final.c, line 29.
(gdb) r
Starting program: /home/runner/IA1-Revision/a.out 
warning: Error disabling address space randomization: Operation not permitted

Breakpoint 1, main () at p5final.c:29
warning: Source file is more recent than executable.
29      n = input();
(gdb) s
input () at p5final.c:3
3   float input(){
(gdb) n
5       printf("Enter a number: ");
(gdb) n
6       scanf("%f", &n);
(gdb) n
Enter a number: 6
7       return n;
(gdb) n
8   }
(gdb) n
main () at p5final.c:30
30      sqrt_result = my_sqrt(n);
(gdb) s
my_sqrt (n=6) at p5final.c:11
11      if(n == 0 || n == 1){
(gdb) n
15      float i = 1, ans = 1;
(gdb) n
16      while(ans <= n){
(gdb) n
17          i++;
(gdb) n
18          ans = i * i;
(gdb) n
16      while(ans <= n){
(gdb) n
17          i++;
(gdb) n
18          ans = i * i;
(gdb) n
16      while(ans <= n){
(gdb) n
20      return i - 1;
(gdb) n
21  }
(gdb) n
main () at p5final.c:31
31      output(n, sqrt_result);
(gdb) s
output (n=6, sqrt_result=2) at p5final.c:24
24      printf("The Square root of %0.2f is: %0.2f\n", n, sqrt_result);
(gdb) n
The Square root of 6.00 is: 2.00
25  }
(gdb) n
main () at p5final.c:32
32      return 0;
(gdb) n
33  } (gdb) c
Continuing.
[Inferior 1 (process 479) exited normally]
(gdb) q
 